// Jest Snapshot v1, https://goo.gl/fbAQLP

exports[`AppShell Component tests should render corectly 1`] = `
<div
  data-testid="app-shell"
>
  <div
    class="sc-Axmtr eIDsNO"
    data-testid="navbar"
  >
    <div
      class="sc-fzozJi eoZDJR"
    >
      <div
        class="sc-AxmLO fNOTTv col-sm-4 col-md-8 col-lg-12 row"
      >
        <div
          class="sc-AxgMl kXAnQF"
        >
          <button
            class="sc-AxhUy icvHHz"
          />
        </div>
        <img
          alt="logo"
          class="sc-AxirZ hPWGik"
          src="/images/logo.svg"
        />
        <nav
          class="sc-AxiKw eeGVhs"
        >
          <ul>
            <li>
              <form
                action="/"
                class="sc-AxjAm rpXWr"
              >
                <input
                  id="nav-search-input"
                  name="search"
                  placeholder="Search"
                  type="text"
                />
              </form>
            </li>
            <li>
              <span>
                Categories
              </span>
            </li>
            <li>
              <button
                class="sc-AxhCb dSqfvu secondary"
              >
                login
              </button>
            </li>
            <li>
              <button
                class="sc-AxhCb dSqfvu"
              >
                register
              </button>
            </li>
          </ul>
        </nav>
        <div
          class="sc-AxheI eJXcSL"
        >
          <button
            class="sc-AxhUy ifTRjC"
          />
        </div>
      </div>
    </div>
  </div>
  AppShell
  <div>
    Footer
  </div>
</div>
`;
